#-----------------------------------------------------------
# Vivado v2020.1 (64-bit)
# SW Build 2902540 on Wed May 27 19:54:35 MDT 2020
# IP Build 2902112 on Wed May 27 22:43:36 MDT 2020
# Start of session at: Tue Feb  1 16:02:01 2022
# Process ID: 3181799
# Current directory: /home/peter/workspace/ultra96v2/src
# Command line: vivado
# Log file: /home/peter/workspace/ultra96v2/src/vivado.log
# Journal file: /home/peter/workspace/ultra96v2/src/vivado.jou
#-----------------------------------------------------------
start_gui
open_project /home/peter/Projects/tensil/ultra96v2/ultra96v2.xpr
update_module_reference design_1_Top_0_0
update_compile_order -fileset sources_1
reset_run synth_1
launch_runs impl_1 -to_step write_bitstream -jobs 6
wait_on_run impl_1
set_property pfm_name {} [get_files -all {/home/peter/Projects/tensil/ultra96v2/ultra96v2.srcs/sources_1/bd/design_1/design_1.bd}]
write_hw_platform -fixed -include_bit -force -file /home/peter/Projects/tensil/ultra96v2/design_1_wrapper.xsa
